
May 25, 2026 12:34:16.92 NEW SESSION
May 25, 2026 12:34:16.92 Created TensorFlow Lite XNNPACK delegate for CPU.
May 25, 2026 12:34:20.60 [8276:9104:0525/123420.600:ERROR:google_apis\gcm\engine\registration_request.cc:291] Registration response error message: DEPRECATED_ENDPOINT
May 25, 2026 12:34:41.13 [8276:9104:0525/123441.139:ERROR:google_apis\gcm\engine\registration_request.cc:291] Registration response error message: DEPRECATED_ENDPOINT
May 25, 2026 12:35:31.98 [8276:9104:0525/123531.979:ERROR:google_apis\gcm\engine\registration_request.cc:291] Registration response error message: DEPRECATED_ENDPOINT
May 25, 2026 12:36:58.96 [8276:9104:0525/123658.960:ERROR:google_apis\gcm\engine\registration_request.cc:291] Registration response error message: DEPRECATED_ENDPOINT
May 25, 2026 12:42:25.31 [8276:9104:0525/123706.432:ERROR:google_apis\gcm\engine\connection_factory_impl.cc:484] ConnectionHandler failed with net error: -2
May 25, 2026 12:42:25.38 [8276:9104:0525/124225.382:ERROR:google_apis\gcm\engine\registration_request.cc:275] Registration URL fetching failed.
May 25, 2026 12:42:25.49 [8276:9104:0525/124225.493:ERROR:google_apis\gcm\engine\connection_factory_impl.cc:435] Failed to connect to MCS endpoint with error -105
May 25, 2026 13:25:40.79 [8276:9104:0525/132540.791:ERROR:google_apis\gcm\engine\connection_factory_impl.cc:435] Failed to connect to MCS endpoint with error -105
May 25, 2026 13:25:40.80 [8276:9104:0525/132540.809:ERROR:google_apis\gcm\engine\registration_request.cc:275] Registration URL fetching failed.
May 25, 2026 13:31:28.08 [8276:9104:0525/133128.087:ERROR:google_apis\gcm\engine\connection_factory_impl.cc:484] ConnectionHandler failed with net error: -2
May 25, 2026 13:32:32.11 [8276:9104:0525/133232.115:ERROR:google_apis\gcm\engine\connection_factory_impl.cc:484] ConnectionHandler failed with net error: -2
May 25, 2026 13:43:44.46 [8276:9104:0525/134344.467:ERROR:google_apis\gcm\engine\connection_factory_impl.cc:435] Failed to connect to MCS endpoint with error -7
May 25, 2026 13:54:42.37 [8276:9104:0525/135442.378:ERROR:google_apis\gcm\engine\connection_factory_impl.cc:484] ConnectionHandler failed with net error: -2
May 25, 2026 14:30:55.25 [8276:9104:0525/141101.930:ERROR:google_apis\gcm\engine\connection_factory_impl.cc:484] ConnectionHandler failed with net error: -2
May 25, 2026 14:31:24.55 [8276:9104:0525/143100.244:ERROR:google_apis\gcm\engine\connection_factory_impl.cc:484] ConnectionHandler failed with net error: -2
May 25, 2026 14:31:24.57 [8276:9104:0525/143124.572:ERROR:google_apis\gcm\engine\connection_factory_impl.cc:435] Failed to connect to MCS endpoint with error -105
May 25, 2026 15:25:05.53 [8276:9104:0525/152505.535:ERROR:google_apis\gcm\engine\connection_factory_impl.cc:484] ConnectionHandler failed with net error: -2
May 25, 2026 15:25:05.91 [8276:9104:0525/152505.912:ERROR:google_apis\gcm\engine\connection_factory_impl.cc:435] Failed to connect to MCS endpoint with error -105
